// Jest Snapshot v1, https://goo.gl/fbAQLP

exports[`NameForm matches snapshot 1`] = `
<form
  onSubmit={[Function]}
>
  <input
    name="firstname"
    onChange={[Function]}
    placeholder="first name"
    type="text"
    value=""
  />
  <input
    name="lastname"
    onChange={[Function]}
    placeholder="last name"
    type="text"
    value=""
  />
  <button
    type="submit"
  >
    submit
  </button>
  <div
    style={
      Object {
        "fontSize": "10px",
      }
    }
  />
</form>
`;
